// Vitest Snapshot v1, https://vitest.dev/guide/snapshot.html

exports[`GOLDEN usage math: Claude prompt = input + cache (lock) > prompt_tokens sums input + cache_read + cache_creation 1`] = `
{
  "completion_tokens": 5,
  "prompt_tokens": 15,
  "prompt_tokens_details": {
    "cache_creation_tokens": 2,
    "cached_tokens": 3,
  },
  "total_tokens": 20,
}
`;
